exports[`test PleaseWait 1`] = `
<div
  className="Generic-message">
  <i
    className="fa fa-spinner fa-pulse fa-fw" />
  Â  Please wait...
</div>
`;
